SELECT flights.[id] AS [id], flights.[origin] AS [origin] FROM flights WHERE ( ( flights.[id] + ? IN ( ? , ? ) ) OR ( ( flights.[id] > ? ) AND ( flights.[id] > ( ? + ? ) ) ) )