SELECT flights.[id] AS [id], flights.[origin] AS [origin] FROM flights WHERE ( ( ( flights.[id] < ? ) AND ( flights.[id] >= ? ) ) OR ( flights.[id] > ? ) )