SELECT flights.[id] AS [id], flights.[origin] AS [origin] FROM flights WHERE ( TRIM( flights.[origin] ) = ? )