SELECT flights.[id] AS [id], flights.[origin] AS [origin] FROM flights WHERE ( LEN( flights.[origin] ) = ? )