SELECT flights.[id] AS [id], flights.[origin] AS [origin] FROM flights WHERE ( flights.[origin] = ANY ( SELECT airports.[code] from airports WHERE  ( airports.[name] = ? ) ) ) OR  ( flights.[destination] = ANY ( SELECT airports.[code] from airports WHERE  ( airports.[name] = ? ) ) )