SELECT flights.[id] AS [id], flights.[origin] AS [origin] FROM flights WHERE ( CONCAT( flights.[origin] , CONCAT( flights.[id] , ? ) ) = ? )