SELECT flights.[id] AS [id], flights.[origin] AS [origin] FROM flights WHERE ( flights.[destination] = ALL ( SELECT airports.[code] from airports WHERE  ( airports.[name] = ? ) ) )