SELECT flights.[id] AS [id], flights.[origin] AS [origin] FROM flights WHERE ( ( flights.[origin] = ? ) AND ( NOT ( flights.[origin] = ? ) ) )