SELECT flights.[id] AS [id], flights.[origin] AS [origin] FROM flights WHERE ( ( flights.[id] < ? ) OR ( ( flights.[id] < ? ) AND ( flights.[id] < ? ) ) )