SELECT flights.[id] AS [id], flights.[origin] AS [origin] FROM flights WHERE ( ( NOT flights.[origin] LIKE ? ) AND ( ( flights.[origin] = ? ) OR ( flights.[origin] = ? ) ) )