SELECT flights.[id] AS [id], flights.[origin] AS [origin] FROM flights WHERE ( DATEPART(second,  flights.[origin] ) = ? )