{
    "@context": "http://localhost/odata/$metadata#Edm.String",
    "value": "olhr"
}
