{
    "@context": "http://localhost/odata/$metadata#Edm.Int64",
    "value": 3
}
