<?xml version="1.0" encoding="utf-8"?>
<edmx:Edmx xmlns:edmx="http://docs.oasis-open.org/odata/ns/edmx" Version="4.01">
  <edmx:Reference Uri="https://oasis-tcs.github.io/odata-vocabularies/vocabularies/Org.OData.Core.V1.xml">
    <edmx:Include Namespace="Org.OData.Core.V1"/>
  </edmx:Reference>
  <edmx:Reference Uri="https://oasis-tcs.github.io/odata-vocabularies/vocabularies/Org.OData.Capabilities.V1.xml">
    <edmx:Include Namespace="Org.OData.Capabilities.V1"/>
  </edmx:Reference>
  <edmx:DataServices>
    <Schema xmlns="http://docs.oasis-open.org/odata/ns/edm" Namespace="com.example.odata">
      <EntityContainer Name="DefaultContainer">
        <EntitySet Name="Flights" EntityType="com.example.odata.Flight">
          <Annotation Term="Org.OData.Capabilities.V1.CountRestrictions">
            <Record>
              <PropertyValue Property="Countable" Bool="true"/>
            </Record>
          </Annotation>
          <Annotation Term="Org.OData.Capabilities.V1.TopSupported" Bool="true"/>
          <Annotation Term="Org.OData.Capabilities.V1.SkipSupported" Bool="true"/>
          <Annotation Term="Org.OData.Capabilities.V1.FilterRestrictions">
            <Record>
              <PropertyValue Property="Filterable" Bool="true"/>
            </Record>
          </Annotation>
          <Annotation Term="Org.OData.Capabilities.V1.SortRestrictions">
            <Record>
              <PropertyValue Property="Sortable" Bool="true"/>
            </Record>
          </Annotation>
          <Annotation Term="Org.OData.Capabilities.V1.ExpandRestrictions">
            <Record>
              <PropertyValue Property="Expandable" Bool="true"/>
            </Record>
          </Annotation>
          <Annotation Term="Org.OData.Capabilities.V1.SearchRestrictions">
            <Record>
              <PropertyValue Property="Searchable" Bool="true"/>
            </Record>
          </Annotation>
          <Annotation Term="Org.OData.Capabilities.V1.InsertRestrictions">
            <Record>
              <PropertyValue Property="Insertable" Bool="false"/>
            </Record>
          </Annotation>
          <Annotation Term="Org.OData.Capabilities.V1.UpdateRestrictions">
            <Record>
              <PropertyValue Property="Updatable" Bool="false"/>
              <PropertyValue Property="DeltaUpdateSupported" Bool="true"/>
            </Record>
          </Annotation>
          <Annotation Term="Org.OData.Capabilities.V1.DeleteRestrictions">
            <Record>
              <PropertyValue Property="Deletable" Bool="false"/>
            </Record>
          </Annotation>
          <Annotation Term="Org.OData.Capabilities.V1.ReadRestrictions">
            <Record>
              <PropertyValue Property="Readable" Bool="false"/>
            </Record>
          </Annotation>
          <Annotation Term="Org.OData.Capabilities.V1.IndexableByKey" Bool="false"/>
          <Annotation Term="Org.OData.Capabilities.V1.SelectSupport">
            <Record>
              <PropertyValue Property="Supported" Bool="true"/>
            </Record>
          </Annotation>
          <Annotation Term="Org.OData.Capabilities.V1.DeepInsertSupport">
            <Record>
              <PropertyValue Property="Supported" Bool="false"/>
              <PropertyValue Property="ContentIDSupported" Bool="false"/>
            </Record>
          </Annotation>
        </EntitySet>
        <FunctionImport Name="hello" Function="com.example.odata.hello"/>
        <FunctionImport Name="identity" Function="com.example.odata.identity"/>
        <FunctionImport Name="add" Function="com.example.odata.add"/>
        <ActionImport Name="exec" Action="com.example.odata.exec"/>
        <ActionImport Name="exec2" Action="com.example.odata.exec2"/>
      </EntityContainer>
      <EntityType Name="Flight"/>
      <Function Name="hello" IsBound="false">
        <ReturnType Type="Edm.String" Nullable="false"/>
      </Function>
      <Function Name="identity" IsBound="false">
        <Parameter Name="arg" Type="Edm.String" Nullable="false"/>
        <ReturnType Type="Edm.String" Nullable="false"/>
      </Function>
      <Function Name="name" IsBound="true">
        <Parameter Name="Flight" Type="com.example.odata.Flight" Nullable="false"/>
        <ReturnType Type="Edm.String" Nullable="false"/>
      </Function>
      <Function Name="i1" IsBound="true">
        <Parameter Name="Flight" Type="com.example.odata.Flight" Nullable="false"/>
        <ReturnType Type="com.example.odata.Flight" Nullable="false"/>
      </Function>
      <Function Name="add" IsBound="false">
        <Parameter Name="a" Type="Edm.Int64" Nullable="false"/>
        <Parameter Name="b" Type="Edm.Int64" Nullable="false"/>
        <ReturnType Type="Edm.Int64" Nullable="false"/>
      </Function>
      <Function Name="increment" IsBound="true">
        <Parameter Name="a" Type="Edm.Int64" Nullable="false"/>
        <ReturnType Type="Edm.Int64" Nullable="false"/>
      </Function>
      <Action Name="exec" IsBound="false">
        <ReturnType Type="Edm.String" Nullable="true"/>
      </Action>
      <Action Name="exec2" IsBound="false">
        <ReturnType Type="Edm.String" Nullable="true"/>
      </Action>
      <Annotations Target="com.example.odata.DefaultContainer">
        <Annotation Term="Org.OData.Core.V1.ConventionalIDs" Bool="true"/>
        <Annotation Term="Org.OData.Core.V1.DefaultNamespace" Bool="true"/>
        <Annotation Term="Org.OData.Core.V1.DereferencableIDs" Bool="true"/>
        <Annotation Term="Org.OData.Core.V1.ODataVersions" String="4.01"/>
        <Annotation Term="Org.OData.Capabilities.V1.AsynchronousRequestsSupported" Bool="true"/>
        <Annotation Term="Org.OData.Capabilities.V1.BatchSupported" Bool="true"/>
        <Annotation Term="Org.OData.Capabilities.V1.BatchSupport">
          <Record>
            <PropertyValue Property="Supported" Bool="true"/>
            <PropertyValue Property="EtagReferencesSupported" Bool="true"/>
            <PropertyValue Property="SupportedFormats">
              <Collection>
                <String>application/json</String>
                <String>multipart/mixed</String>
              </Collection>
            </PropertyValue>
          </Record>
        </Annotation>
        <Annotation Term="Org.OData.Capabilities.V1.CallbackSupported">
          <Record>
            <PropertyValue Property="CallbackProtocols">
              <Collection>
                <Record>
                  <PropertyValue Property="Id" String="http"/>
                </Record>
              </Collection>
            </PropertyValue>
          </Record>
        </Annotation>
        <Annotation Term="Org.OData.Capabilities.V1.ConformanceLevel" EnumMember="Org.OData.Capabilities.V1.ConformanceLevelType/Advanced"/>
        <Annotation Term="Org.OData.Capabilities.V1.KeyAsSegmentSupported" Bool="true"/>
        <Annotation Term="Org.OData.Capabilities.V1.QuerySegmentSupported" Bool="true"/>
        <Annotation Term="Org.OData.Capabilities.V1.SupportedFormats">
          <Collection>
            <String>application/json;metadata=full;IEEE754Compatible=true;streaming=true</String>
            <String>application/json;metadata=minimal;IEEE754Compatible=true;streaming=true</String>
            <String>application/json;metadata=none;IEEE754Compatible=true;streaming=true</String>
          </Collection>
        </Annotation>
        <Annotation Term="Org.OData.Capabilities.V1.SupportedMetadataFormats">
          <Collection>
            <String>application/json</String>
            <String>application/xml</String>
          </Collection>
        </Annotation>
      </Annotations>
    </Schema>
  </edmx:DataServices>
</edmx:Edmx>
