{
    "$Version": "4.01",
    "$EntityContainer": "com.example.odata.DefaultContainer",
    "$Reference": {
        "https://oasis-tcs.github.io/odata-vocabularies/vocabularies/Org.OData.Core.V1.json": {
            "$Include": [
                {
                    "$Namespace": "Org.OData.Core.V1"
                }
            ]
        },
        "https://oasis-tcs.github.io/odata-vocabularies/vocabularies/Org.OData.Capabilities.V1.json": {
            "$Include": [
                {
                    "$Namespace": "Org.OData.Capabilities.V1"
                }
            ]
        }
    },
    "com.example.odata": {
        "$Kind": "EntityContainer",
        "atest": {
            "$EntityType": "com.example.odata.a",
            "$NavigationPropertyBinding": {},
            "@Org.OData.Capabilities.V1.CountRestrictions": {
                "Countable": true
            },
            "@Org.OData.Capabilities.V1.TopSupported": true,
            "@Org.OData.Capabilities.V1.SkipSupported": true,
            "@Org.OData.Capabilities.V1.FilterRestrictions": {
                "Filterable": true
            },
            "@Org.OData.Capabilities.V1.SortRestrictions": {
                "Sortable": true
            },
            "@Org.OData.Capabilities.V1.ExpandRestrictions": {
                "Expandable": false
            },
            "@Org.OData.Capabilities.V1.SearchRestrictions": {
                "Searchable": true
            },
            "@Org.OData.Capabilities.V1.InsertRestrictions": {
                "Insertable": true
            },
            "@Org.OData.Capabilities.V1.UpdateRestrictions": {
                "Updatable": true,
                "DeltaUpdateSupported": true
            },
            "@Org.OData.Capabilities.V1.DeleteRestrictions": {
                "Deletable": true
            },
            "@Org.OData.Capabilities.V1.ReadRestrictions": {
                "Readable": true
            },
            "@Org.OData.Capabilities.V1.IndexableByKey": true,
            "@Org.OData.Capabilities.V1.SelectSupport": {
                "Supported": true
            }
        },
        "$Annotations": {
            "com.example.odata.DefaultContainer": {
                "@Org.OData.Core.V1.ConventionalIDs": true,
                "@Org.OData.Core.V1.DefaultNamespace": true,
                "@Org.OData.Core.V1.DereferencableIDs": true,
                "@Org.OData.Core.V1.ODataVersions": "4.01",
                "@Org.OData.Capabilities.V1.AsynchronousRequestsSupported": true,
                "@Org.OData.Capabilities.V1.BatchSupported": true,
                "@Org.OData.Capabilities.V1.BatchSupport": {
                    "Supported": true,
                    "EtagReferencesSupported": true,
                    "SupportedFormats": [
                        "application/json",
                        "multipart/mixed"
                    ]
                },
                "@Org.OData.Capabilities.V1.CallbackSupported": {
                    "CallbackProtocols": [
                        {
                            "Id": "http"
                        }
                    ]
                },
                "@Org.OData.Capabilities.V1.ConformanceLevel": "Org.OData.Capabilities.V1.ConformanceLevelType/Advanced",
                "@Org.OData.Capabilities.V1.KeyAsSegmentSupported": true,
                "@Org.OData.Capabilities.V1.QuerySegmentSupported": true,
                "@Org.OData.Capabilities.V1.SupportedFormats": [
                    "application/json;metadata=full;IEEE754Compatible=true;streaming=true",
                    "application/json;metadata=minimal;IEEE754Compatible=true;streaming=true",
                    "application/json;metadata=none;IEEE754Compatible=true;streaming=true"
                ],
                "@Org.OData.Capabilities.V1.SupportedMetadataFormats": [
                    "application/json",
                    "application/xml"
                ]
            }
        }
    },
    "a": {
        "$Kind": "EntityType",
        "$Key": [
            "id"
        ],
        "id": {
            "$Type": "Edm.Int32",
            "$Nullable": false
        },
        "b": {
            "$Type": "Edm.String",
            "$Nullable": true
        },
        "c": {
            "$Type": "com.example.odata.d",
            "$Nullable": true
        }
    }
}
