{
    "@context": "http://localhost/odata/$metadata#atest(0)/c",
    "value": {
        "d": "q"
    }
}
