{
    "@context": "http://localhost/odata/$metadata#atest",
    "value": [
        {
            "id": 0,
            "b": "c",
            "c": {
                "d": "e",
                "dyni": 4
            }
        }
    ]
}
