{
    "@context": "http://localhost/odata/$metadata#atest(0)/c/d",
    "value": "e"
}
